2026-07-15 10:32:11 | evento=INICIO_SINGLE | instancia=data/APdata/50.3 | nos=50 | hubs=3 | fluxos=2450 | variaveis_atribuicao_estimadas=2500;termos_quadraticos_estimados=6125000;limite_tempo_s=300
2026-07-15 10:33:12 | evento=INICIO_SINGLE | instancia=data/APdata/40.3 | nos=40 | hubs=3 | fluxos=1560 | variaveis_atribuicao_estimadas=1600;termos_quadraticos_estimados=2496000;limite_tempo_s=300
2026-07-15 10:34:10 | evento=INICIO_SINGLE | instancia=data/APdata/25.3 | nos=25 | hubs=3 | fluxos=600 | variaveis_atribuicao_estimadas=625;termos_quadraticos_estimados=375000;limite_tempo_s=300
2026-07-15 10:34:59 | evento=INICIO_SINGLE | instancia=data/APdata/25.3 | nos=25 | hubs=3 | fluxos=600 | variaveis_atribuicao_estimadas=625;termos_quadraticos_estimados=375000;limite_tempo_s=300
2026-07-15 10:37:32 | evento=SOLUCAO_SINGLE | instancia=data/APdata/50.3 | nos=50 | hubs=3 | fluxos=2450 | tempo_total_s=321.740 | status=9;tempo_gurobi_s=230.355;objetivo=196951.428029;hubs_escolhidos=[2, 34, 35];atribuicao={1: 2, 2: 2, 3: 2, 4: 2, 5: 2, 6: 2, 7: 2, 8: 35, 9: 35, 10: 35, 11: 2, 12: 2, 13: 34, 14: 2, 15: 35, 16: 35, 17: 35, 18: 35, 19: 35, 20: 35, 21: 34, 22: 34, 23: 34, 24: 35, 25: 35, 26: 35, 27: 35, 28: 35, 29: 35, 30: 35, 31: 34, 32: 34, 33: 34, 34: 34, 35: 35, 36: 35, 37: 35, 38: 35, 39: 35, 40: 35, 41: 34, 42: 34, 43: 34, 44: 34, 45: 35, 46: 35, 47: 35, 48: 35, 49: 35, 50: 35}
2026-07-15 10:39:10 | evento=SOLUCAO_SINGLE | instancia=data/APdata/25.3 | nos=25 | hubs=3 | fluxos=600 | tempo_total_s=300.254 | status=9;tempo_gurobi_s=290.245;objetivo=152189.440902;hubs_escolhidos=[7, 14, 18];atribuicao={1: 7, 2: 7, 3: 7, 4: 7, 5: 14, 6: 7, 7: 7, 8: 7, 9: 14, 10: 14, 11: 7, 12: 18, 13: 14, 14: 14, 15: 14, 16: 18, 17: 18, 18: 18, 19: 18, 20: 14, 21: 18, 22: 18, 23: 18, 24: 18, 25: 18}
2026-07-15 10:39:59 | evento=SOLUCAO_SINGLE | instancia=data/APdata/25.3 | nos=25 | hubs=3 | fluxos=600 | tempo_total_s=300.092 | status=9;tempo_gurobi_s=287.016;objetivo=152189.440902;hubs_escolhidos=[7, 14, 18];atribuicao={1: 7, 2: 7, 3: 7, 4: 7, 5: 14, 6: 7, 7: 7, 8: 7, 9: 14, 10: 14, 11: 7, 12: 18, 13: 14, 14: 14, 15: 14, 16: 18, 17: 18, 18: 18, 19: 18, 20: 14, 21: 18, 22: 18, 23: 18, 24: 18, 25: 18}
2026-07-15 10:55:21 | evento=INICIO_MULTIPLE | instancia=data/APdata/20.3 | nos=20 | hubs=3 | fluxos=380 | variaveis_rota_estimadas=152000;limite_tempo_s=300
2026-07-15 10:55:24 | evento=SOLUCAO_MULTIPLE | instancia=data/APdata/20.3 | nos=20 | hubs=3 | fluxos=380 | tempo_total_s=3.045 | status=2;tempo_gurobi_s=1.913;objetivo=141771.523782;hubs_escolhidos=[6, 12, 14]
2026-07-15 10:57:48 | evento=INICIO_MULTIPLE | instancia=data/APdata/20.3 | nos=20 | hubs=3 | fluxos=380 | variaveis_rota_estimadas=152000;limite_tempo_s=300
2026-07-15 10:57:51 | evento=SOLUCAO_MULTIPLE | instancia=data/APdata/20.3 | nos=20 | hubs=3 | fluxos=380 | tempo_total_s=2.886 | status=2;tempo_gurobi_s=1.754;objetivo=141771.523782;hubs_escolhidos=[6, 12, 14]
2026-07-15 10:59:20 | evento=INICIO_MULTIPLE | instancia=data/APdata/20.3 | nos=20 | hubs=3 | fluxos=380 | variaveis_rota_estimadas=152000;limite_tempo_s=300
2026-07-15 10:59:23 | evento=SOLUCAO_MULTIPLE | instancia=data/APdata/20.3 | nos=20 | hubs=3 | fluxos=380 | tempo_total_s=2.578 | status=2;tempo_gurobi_s=1.569;objetivo=141771.523782;hubs_escolhidos=[6, 12, 14]
2026-07-15 11:02:21 | evento=INICIO_MULTIPLE | instancia=data/APdata/20.3 | nos=20 | hubs=3 | fluxos=380 | variaveis_rota_estimadas=152000;limite_tempo_s=300
2026-07-15 11:02:24 | evento=SOLUCAO_MULTIPLE | instancia=data/APdata/20.3 | nos=20 | hubs=3 | fluxos=380 | tempo_total_s=2.958 | status=2;tempo_gurobi_s=1.790;objetivo=141771.523782;hubs_escolhidos=[6, 12, 14]
2026-07-15 11:06:16 | evento=INICIO_MULTIPLE | instancia=data/APdata/20.3 | nos=20 | hubs=3 | fluxos=380 | variaveis_rota_estimadas=152000;limite_tempo_s=300
2026-07-15 11:06:19 | evento=SOLUCAO_MULTIPLE | instancia=data/APdata/20.3 | nos=20 | hubs=3 | fluxos=380 | tempo_total_s=3.387 | status=2;tempo_gurobi_s=1.951;objetivo=141771.523782;hubs_escolhidos=[6, 12, 14]
2026-07-15 11:13:35 | evento=INICIO_MULTIPLE | instancia=data/APdata/20.3 | nos=20 | hubs=3 | fluxos=380 | variaveis_rota_estimadas=152000;limite_tempo_s=300
2026-07-15 11:13:38 | evento=SOLUCAO_MULTIPLE | instancia=data/APdata/20.3 | nos=20 | hubs=3 | fluxos=380 | tempo_total_s=2.979 | status=2;tempo_gurobi_s=1.770;objetivo=141771.523782;hubs_escolhidos=[6, 12, 14]
2026-07-15 11:20:15 | evento=INICIO_SINGLE | instancia=data/APdata/10.2 | nos=10 | hubs=2 | fluxos=90 | variaveis_atribuicao_estimadas=100;termos_quadraticos_estimados=9000;limite_tempo_s=300
2026-07-15 11:20:15 | evento=SOLUCAO_SINGLE | instancia=data/APdata/10.2 | nos=10 | hubs=2 | fluxos=90 | tempo_total_s=0.670 | status=2;tempo_gurobi_s=0.602;objetivo=149467.615241;hubs_escolhidos=[4, 7];atribuicao={1: 4, 2: 4, 3: 4, 4: 4, 5: 7, 6: 4, 7: 7, 8: 7, 9: 7, 10: 7}
2026-07-15 11:21:20 | evento=INICIO_SINGLE | instancia=data/APdata/10.3 | nos=10 | hubs=3 | fluxos=90 | variaveis_atribuicao_estimadas=100;termos_quadraticos_estimados=9000;limite_tempo_s=300
2026-07-15 11:21:21 | evento=SOLUCAO_SINGLE | instancia=data/APdata/10.3 | nos=10 | hubs=3 | fluxos=90 | tempo_total_s=0.984 | status=2;tempo_gurobi_s=0.902;objetivo=120190.089791;hubs_escolhidos=[3, 4, 7];atribuicao={1: 3, 2: 4, 3: 3, 4: 4, 5: 7, 6: 4, 7: 7, 8: 7, 9: 7, 10: 7}
2026-07-15 11:22:13 | evento=INICIO_SINGLE | instancia=data/APdata/10.3 | nos=10 | hubs=3 | fluxos=90 | variaveis_atribuicao_estimadas=100;termos_quadraticos_estimados=9000;limite_tempo_s=300
2026-07-15 11:22:14 | evento=SOLUCAO_SINGLE | instancia=data/APdata/10.3 | nos=10 | hubs=3 | fluxos=90 | tempo_total_s=1.505 | status=2;tempo_gurobi_s=1.451;objetivo=120190.089791;hubs_escolhidos=[3, 4, 7];atribuicao={1: 3, 2: 4, 3: 3, 4: 4, 5: 7, 6: 4, 7: 7, 8: 7, 9: 7, 10: 7}
2026-07-15 11:22:14 | evento=INICIO_MULTIPLE | instancia=data/APdata/10.3 | nos=10 | hubs=3 | fluxos=90 | variaveis_rota_estimadas=9000;limite_tempo_s=300
2026-07-15 11:22:15 | evento=SOLUCAO_MULTIPLE | instancia=data/APdata/10.3 | nos=10 | hubs=3 | fluxos=90 | tempo_total_s=0.131 | status=2;tempo_gurobi_s=0.057;objetivo=117447.691046;hubs_escolhidos=[3, 4, 7]
2026-07-15 11:22:19 | evento=INICIO_SINGLE | instancia=data/APdata/10.3 | nos=10 | hubs=3 | fluxos=90 | variaveis_atribuicao_estimadas=100;termos_quadraticos_estimados=9000;limite_tempo_s=300
2026-07-15 11:22:20 | evento=SOLUCAO_SINGLE | instancia=data/APdata/10.3 | nos=10 | hubs=3 | fluxos=90 | tempo_total_s=0.794 | status=2;tempo_gurobi_s=0.740;objetivo=120190.089791;hubs_escolhidos=[3, 4, 7];atribuicao={1: 3, 2: 4, 3: 3, 4: 4, 5: 7, 6: 4, 7: 7, 8: 7, 9: 7, 10: 7}
2026-07-15 11:22:20 | evento=INICIO_MULTIPLE | instancia=data/APdata/10.3 | nos=10 | hubs=3 | fluxos=90 | variaveis_rota_estimadas=9000;limite_tempo_s=300
2026-07-15 11:22:20 | evento=SOLUCAO_MULTIPLE | instancia=data/APdata/10.3 | nos=10 | hubs=3 | fluxos=90 | tempo_total_s=0.090 | status=2;tempo_gurobi_s=0.045;objetivo=117447.691046;hubs_escolhidos=[3, 4, 7]
2026-07-15 11:27:39 | evento=INICIO_SINGLE | instancia=data/APdata/10.3 | nos=10 | hubs=3 | fluxos=90 | variaveis_atribuicao_estimadas=100;termos_quadraticos_estimados=9000;limite_tempo_s=300
2026-07-15 11:27:40 | evento=SOLUCAO_SINGLE | instancia=data/APdata/10.3 | nos=10 | hubs=3 | fluxos=90 | tempo_total_s=0.856 | status=2;tempo_gurobi_s=0.782;objetivo=120190.089791;hubs_escolhidos=[3, 4, 7];atribuicao={1: 3, 2: 4, 3: 3, 4: 4, 5: 7, 6: 4, 7: 7, 8: 7, 9: 7, 10: 7}
2026-07-15 11:29:03 | evento=INICIO_SINGLE | instancia=data/APdata/10.3 | nos=10 | hubs=3 | fluxos=90 | variaveis_atribuicao_estimadas=100;termos_quadraticos_estimados=9000;limite_tempo_s=300
2026-07-15 11:29:06 | evento=SOLUCAO_SINGLE | instancia=data/APdata/10.3 | nos=10 | hubs=3 | fluxos=90 | tempo_total_s=3.373 | status=2;tempo_gurobi_s=3.274;objetivo=120190.089791;hubs_escolhidos=[3, 4, 7];atribuicao={1: 3, 2: 4, 3: 3, 4: 4, 5: 7, 6: 4, 7: 7, 8: 7, 9: 7, 10: 7}
2026-07-15 11:30:30 | evento=INICIO_SINGLE | instancia=data/APdata/10.3 | nos=10 | hubs=3 | fluxos=90 | variaveis_atribuicao_estimadas=100;termos_quadraticos_estimados=9000;limite_tempo_s=300
2026-07-15 11:30:31 | evento=SOLUCAO_SINGLE | instancia=data/APdata/10.3 | nos=10 | hubs=3 | fluxos=90 | tempo_total_s=0.896 | status=2;tempo_gurobi_s=0.798;objetivo=120190.089791;hubs_escolhidos=[3, 4, 7];atribuicao={1: 3, 2: 4, 3: 3, 4: 4, 5: 7, 6: 4, 7: 7, 8: 7, 9: 7, 10: 7}
2026-07-27 19:42:07 | evento=INICIO_MULTIPLE | instancia=data/SPdata/11.5 | nos=11 | hubs=5 | fluxos=110 | variaveis_rota_estimadas=13310;limite_tempo_s=300
2026-07-27 19:42:09 | evento=SOLUCAO_MULTIPLE | instancia=data/SPdata/11.5 | nos=11 | hubs=5 | fluxos=110 | tempo_total_s=1.807 | status=2;tempo_gurobi_s=0.330;objetivo=449.159789;hubs_escolhidos=[1, 2, 5, 7, 11]
2026-07-28 09:19:45 | evento=INICIO_MULTIPLE | instancia=data/SPdata/11.5 | nos=11 | hubs=5 | fluxos=110 | variaveis_rota_estimadas=13310;limite_tempo_s=300
2026-07-28 09:19:46 | evento=SOLUCAO_MULTIPLE | instancia=data/SPdata/11.5 | nos=11 | hubs=5 | fluxos=110 | tempo_total_s=0.508 | status=2;tempo_gurobi_s=0.336;objetivo=449.159789;hubs_escolhidos=[1, 2, 5, 7, 11]
2026-07-28 09:19:56 | evento=INICIO_MULTIPLE | instancia=data/SPdata/11.5 | nos=11 | hubs=5 | fluxos=110 | variaveis_rota_estimadas=13310;limite_tempo_s=300
2026-07-28 09:19:56 | evento=SOLUCAO_MULTIPLE | instancia=data/SPdata/11.5 | nos=11 | hubs=5 | fluxos=110 | tempo_total_s=0.250 | status=2;tempo_gurobi_s=0.108;objetivo=69.997744;hubs_escolhidos=[1, 2, 3, 4, 8]
2026-07-28 09:20:02 | evento=INICIO_MULTIPLE | instancia=data/SPdata/11.5 | nos=11 | hubs=5 | fluxos=110 | variaveis_rota_estimadas=13310;limite_tempo_s=300
2026-07-28 09:20:03 | evento=SOLUCAO_MULTIPLE | instancia=data/SPdata/11.5 | nos=11 | hubs=5 | fluxos=110 | tempo_total_s=0.545 | status=2;tempo_gurobi_s=0.378;objetivo=449.159789;hubs_escolhidos=[1, 2, 5, 7, 11]
2026-07-28 10:06:02 | evento=INICIO_MULTIPLE | instancia=data/SPdata/11.5 | nos=11 | hubs=5 | fluxos=110 | variaveis_rota_estimadas=13310;limite_tempo_s=300
2026-07-28 10:06:03 | evento=SOLUCAO_MULTIPLE | instancia=data/SPdata/11.5 | nos=11 | hubs=5 | fluxos=110 | tempo_total_s=0.645 | status=2;tempo_gurobi_s=0.456;objetivo=449.159789;hubs_escolhidos=[1, 2, 5, 7, 11]
2026-07-28 10:09:23 | evento=INICIO_MULTIPLE | instancia=data/SPdata/11.5 | nos=11 | hubs=5 | fluxos=110 | variaveis_rota_estimadas=13310;limite_tempo_s=300
2026-07-28 10:09:24 | evento=SOLUCAO_MULTIPLE | instancia=data/SPdata/11.5 | nos=11 | hubs=5 | fluxos=110 | tempo_total_s=0.695 | status=2;tempo_gurobi_s=0.453;objetivo=449.159789;hubs_escolhidos=[1, 2, 5, 7, 11]
2026-07-28 10:09:40 | evento=INICIO_MULTIPLE | instancia=data/SPdata/11.5 | nos=11 | hubs=5 | fluxos=110 | variaveis_rota_estimadas=13310;limite_tempo_s=300
2026-07-28 10:09:41 | evento=SOLUCAO_MULTIPLE | instancia=data/SPdata/11.5 | nos=11 | hubs=5 | fluxos=110 | tempo_total_s=0.344 | status=2;tempo_gurobi_s=0.133;objetivo=98.130837;hubs_escolhidos=[1, 2, 3, 4, 8]
2026-07-28 10:23:33 | evento=INICIO_MULTIPLE | instancia=data/SPdata/11.5 | nos=11 | hubs=5 | fluxos=110 | variaveis_rota_estimadas=13310;limite_tempo_s=300
2026-07-28 10:23:34 | evento=SOLUCAO_MULTIPLE | instancia=data/SPdata/11.5 | nos=11 | hubs=5 | fluxos=110 | tempo_total_s=0.752 | status=2;tempo_gurobi_s=0.495;objetivo=449.159789;hubs_escolhidos=[1, 2, 5, 7, 11]
2026-07-28 11:27:47 | evento=INICIO_MULTIPLE | instancia=data/SPdata/11.5 | nos=11 | hubs=5 | fluxos=110 | variaveis_rota_estimadas=13310;limite_tempo_s=300
2026-07-28 11:27:47 | evento=SOLUCAO_MULTIPLE | instancia=data/SPdata/11.5 | nos=11 | hubs=5 | fluxos=110 | tempo_total_s=0.662 | status=2;tempo_gurobi_s=0.457;objetivo=449.159789;hubs_escolhidos=[1, 2, 5, 7, 11]
2026-07-28 11:28:06 | evento=INICIO_MULTIPLE | instancia=data/SPdata/11.5 | nos=11 | hubs=5 | fluxos=110 | variaveis_rota_estimadas=13310;limite_tempo_s=300
2026-07-28 11:28:07 | evento=SOLUCAO_MULTIPLE | instancia=data/SPdata/11.5 | nos=11 | hubs=5 | fluxos=110 | tempo_total_s=0.616 | status=2;tempo_gurobi_s=0.446;objetivo=449.159789;hubs_escolhidos=[1, 2, 5, 7, 11]
2026-07-28 13:25:32 | evento=INICIO_MULTIPLE | instancia=data/SPdata/11.5 | nos=11 | hubs=5 | fluxos=110 | variaveis_rota_estimadas=13310;limite_tempo_s=300
2026-07-28 13:25:35 | evento=SOLUCAO_MULTIPLE | instancia=data/SPdata/11.5 | nos=11 | hubs=5 | fluxos=110 | tempo_total_s=2.327 | status=2;tempo_gurobi_s=1.582;objetivo=449.159789;hubs_escolhidos=[1, 2, 5, 7, 11]
2026-07-28 13:26:55 | evento=INICIO_MULTIPLE | instancia=data/SPdata/11.5 | nos=11 | hubs=5 | fluxos=110 | variaveis_rota_estimadas=13310;limite_tempo_s=300
2026-07-28 13:26:57 | evento=SOLUCAO_MULTIPLE | instancia=data/SPdata/11.5 | nos=11 | hubs=5 | fluxos=110 | tempo_total_s=2.056 | status=2;tempo_gurobi_s=1.492;objetivo=449.159789;hubs_escolhidos=[1, 2, 5, 7, 11]
2026-07-28 13:35:19 | evento=INICIO_MULTIPLE | instancia=data/SPdata/11.5 | nos=11 | hubs=5 | fluxos=110 | variaveis_rota_estimadas=13310;limite_tempo_s=300
2026-07-28 13:35:20 | evento=SOLUCAO_MULTIPLE | instancia=data/SPdata/11.5 | nos=11 | hubs=5 | fluxos=110 | tempo_total_s=1.450 | status=2;tempo_gurobi_s=1.050;objetivo=449.159789;hubs_escolhidos=[1, 2, 5, 7, 11]
2026-07-28 13:41:37 | evento=INICIO_MULTIPLE | instancia=data/SPdata/11.5 | nos=11 | hubs=5 | fluxos=110 | variaveis_rota_estimadas=13310;limite_tempo_s=300
2026-07-28 13:41:38 | evento=SOLUCAO_MULTIPLE | instancia=data/SPdata/11.5 | nos=11 | hubs=5 | fluxos=110 | tempo_total_s=0.913 | status=2;tempo_gurobi_s=0.635;objetivo=449.159789;hubs_escolhidos=[1, 2, 5, 7, 11]
2026-07-28 13:42:54 | evento=INICIO_MULTIPLE | instancia=data/SPdata/11.5 | nos=11 | hubs=5 | fluxos=110 | variaveis_rota_estimadas=13310;limite_tempo_s=300
2026-07-28 13:42:56 | evento=SOLUCAO_MULTIPLE | instancia=data/SPdata/11.5 | nos=11 | hubs=5 | fluxos=110 | tempo_total_s=1.332 | status=2;tempo_gurobi_s=0.999;objetivo=449.159789;hubs_escolhidos=[1, 2, 5, 7, 11]
2026-07-28 13:51:12 | evento=INICIO_MULTIPLE | instancia=data/SPdata/11.5 | nos=11 | hubs=5 | fluxos=110 | variaveis_rota_estimadas=13310;limite_tempo_s=300
2026-07-28 13:51:13 | evento=SOLUCAO_MULTIPLE | instancia=data/SPdata/11.5 | nos=11 | hubs=5 | fluxos=110 | tempo_total_s=1.276 | status=2;tempo_gurobi_s=0.905;objetivo=449.159789;hubs_escolhidos=[1, 2, 5, 7, 11]
2026-07-28 14:02:35 | evento=INICIO_MULTIPLE | instancia=data/SPdata/11.5 | nos=11 | hubs=5 | fluxos=110 | variaveis_rota_estimadas=13310;limite_tempo_s=300
2026-07-28 14:02:36 | evento=SOLUCAO_MULTIPLE | instancia=data/SPdata/11.5 | nos=11 | hubs=5 | fluxos=110 | tempo_total_s=1.576 | status=2;tempo_gurobi_s=1.044;objetivo=449.159789;hubs_escolhidos=[1, 2, 5, 7, 11]
2026-07-28 14:13:01 | evento=INICIO_MULTIPLE | instancia=data/SPdata/11.5 | nos=11 | hubs=5 | fluxos=110 | variaveis_rota_estimadas=13310;limite_tempo_s=300
2026-07-28 14:13:02 | evento=SOLUCAO_MULTIPLE | instancia=data/SPdata/11.5 | nos=11 | hubs=5 | fluxos=110 | tempo_total_s=0.437 | status=2;tempo_gurobi_s=0.285;objetivo=449.159789;hubs_escolhidos=[1, 2, 5, 7, 11]
2026-07-28 14:16:43 | evento=INICIO_MULTIPLE | instancia=data/SPdata/11.5 | nos=11 | hubs=5 | fluxos=110 | variaveis_rota_estimadas=13310;limite_tempo_s=300
2026-07-28 14:16:43 | evento=SOLUCAO_MULTIPLE | instancia=data/SPdata/11.5 | nos=11 | hubs=5 | fluxos=110 | tempo_total_s=0.458 | status=2;tempo_gurobi_s=0.305;objetivo=449.159789;hubs_escolhidos=[1, 2, 5, 7, 11]
2026-07-28 14:35:34 | evento=INICIO_MULTIPLE | instancia=data/SPdata/11.5 | nos=11 | hubs=5 | fluxos=110 | variaveis_rota_estimadas=13310;limite_tempo_s=300
2026-07-28 14:35:34 | evento=SOLUCAO_MULTIPLE | instancia=data/SPdata/11.5 | nos=11 | hubs=5 | fluxos=110 | tempo_total_s=0.466 | status=2;tempo_gurobi_s=0.315;objetivo=449.159789;hubs_escolhidos=[1, 2, 5, 7, 11]
2026-07-28 14:38:36 | evento=INICIO_MULTIPLE | instancia=data/SPdata/11.5 | nos=11 | hubs=5 | fluxos=110 | variaveis_rota_estimadas=13310;limite_tempo_s=300
2026-07-28 14:38:36 | evento=SOLUCAO_MULTIPLE | instancia=data/SPdata/11.5 | nos=11 | hubs=5 | fluxos=110 | tempo_total_s=0.451 | status=2;tempo_gurobi_s=0.298;objetivo=449.159789;hubs_escolhidos=[1, 2, 5, 7, 11]
2026-07-28 14:38:52 | evento=INICIO_MULTIPLE | instancia=data/SPdata/11.5 | nos=11 | hubs=5 | fluxos=110 | variaveis_rota_estimadas=13310;limite_tempo_s=300
2026-07-28 14:38:53 | evento=SOLUCAO_MULTIPLE | instancia=data/SPdata/11.5 | nos=11 | hubs=5 | fluxos=110 | tempo_total_s=0.406 | status=2;tempo_gurobi_s=0.268;objetivo=449.159789;hubs_escolhidos=[1, 2, 5, 7, 11]
2026-07-28 14:42:41 | evento=INICIO_MULTIPLE | instancia=data/SPdata/11.5 | nos=11 | hubs=5 | fluxos=110 | variaveis_rota_estimadas=13310;limite_tempo_s=300
2026-07-28 14:42:41 | evento=SOLUCAO_MULTIPLE | instancia=data/SPdata/11.5 | nos=11 | hubs=5 | fluxos=110 | tempo_total_s=0.412 | status=2;tempo_gurobi_s=0.268;objetivo=449.159789;hubs_escolhidos=[1, 2, 5, 7, 11]
2026-07-28 14:44:54 | evento=INICIO_MULTIPLE | instancia=data/SPdata/11.5 | nos=11 | hubs=5 | fluxos=110 | variaveis_rota_estimadas=13310;limite_tempo_s=300
2026-07-28 14:44:55 | evento=SOLUCAO_MULTIPLE | instancia=data/SPdata/11.5 | nos=11 | hubs=5 | fluxos=110 | tempo_total_s=0.493 | status=2;tempo_gurobi_s=0.330;objetivo=449.159789;hubs_escolhidos=[1, 2, 5, 7, 11]
2026-07-28 14:52:33 | evento=INICIO_MULTIPLE | instancia=data/SPdata/11.5 | nos=11 | hubs=5 | fluxos=110 | variaveis_rota_estimadas=13310;limite_tempo_s=300
2026-07-28 14:52:33 | evento=SOLUCAO_MULTIPLE | instancia=data/SPdata/11.5 | nos=11 | hubs=5 | fluxos=110 | tempo_total_s=0.349 | status=2;tempo_gurobi_s=0.200;objetivo=97.440743;hubs_escolhidos=[1, 2, 4, 7, 11]
2026-07-28 14:52:57 | evento=INICIO_MULTIPLE | instancia=data/SPdata/11.5 | nos=11 | hubs=5 | fluxos=110 | variaveis_rota_estimadas=13310;limite_tempo_s=300
2026-07-28 14:52:57 | evento=SOLUCAO_MULTIPLE | instancia=data/SPdata/11.5 | nos=11 | hubs=5 | fluxos=110 | tempo_total_s=0.335 | status=2;tempo_gurobi_s=0.194;objetivo=97.440743;hubs_escolhidos=[1, 2, 4, 7, 11]
2026-07-28 14:53:36 | evento=INICIO_MULTIPLE | instancia=data/SPdata/11.5 | nos=11 | hubs=5 | fluxos=110 | variaveis_rota_estimadas=13310;limite_tempo_s=300
2026-07-28 14:53:37 | evento=SOLUCAO_MULTIPLE | instancia=data/SPdata/11.5 | nos=11 | hubs=5 | fluxos=110 | tempo_total_s=0.360 | status=2;tempo_gurobi_s=0.205;objetivo=97.440743;hubs_escolhidos=[1, 2, 4, 7, 11]
2026-07-28 14:54:01 | evento=INICIO_MULTIPLE | instancia=data/SPdata/11.5 | nos=11 | hubs=5 | fluxos=110 | variaveis_rota_estimadas=13310;limite_tempo_s=300
2026-07-28 14:54:01 | evento=SOLUCAO_MULTIPLE | instancia=data/SPdata/11.5 | nos=11 | hubs=5 | fluxos=110 | tempo_total_s=0.330 | status=2;tempo_gurobi_s=0.180;objetivo=97.440743;hubs_escolhidos=[1, 2, 4, 7, 11]
2026-07-28 14:55:17 | evento=INICIO_MULTIPLE | instancia=data/SPdata/11.5 | nos=11 | hubs=5 | fluxos=110 | variaveis_rota_estimadas=13310;limite_tempo_s=300
2026-07-28 14:55:17 | evento=SOLUCAO_MULTIPLE | instancia=data/SPdata/11.5 | nos=11 | hubs=5 | fluxos=110 | tempo_total_s=0.292 | status=2;tempo_gurobi_s=0.162;objetivo=97.440743;hubs_escolhidos=[1, 2, 4, 7, 11]
2026-07-28 14:55:17 | evento=INICIO_MULTIPLE | instancia=data/SPdata/11.5 | nos=11 | hubs=5 | fluxos=110 | variaveis_rota_estimadas=13310;limite_tempo_s=300
2026-07-28 14:55:18 | evento=SOLUCAO_MULTIPLE | instancia=data/SPdata/11.5 | nos=11 | hubs=5 | fluxos=110 | tempo_total_s=0.496 | status=2;tempo_gurobi_s=0.362;objetivo=97.440743;hubs_escolhidos=[1, 2, 4, 7, 11]
2026-07-28 14:58:30 | evento=INICIO_MULTIPLE | instancia=data/SPdata/11.5 | nos=11 | hubs=5 | fluxos=110 | variaveis_rota_estimadas=13310;limite_tempo_s=300
2026-07-28 14:58:31 | evento=SOLUCAO_MULTIPLE | instancia=data/SPdata/11.5 | nos=11 | hubs=5 | fluxos=110 | tempo_total_s=1.411 | status=2;tempo_gurobi_s=0.900;objetivo=97.440743;hubs_escolhidos=[1, 2, 4, 7, 11]
2026-07-28 15:01:25 | evento=INICIO_MULTIPLE | instancia=data/SPdata/11.5 | nos=11 | hubs=5 | fluxos=110 | variaveis_rota_estimadas=13310;limite_tempo_s=300
2026-07-28 15:01:27 | evento=SOLUCAO_MULTIPLE | instancia=data/SPdata/11.5 | nos=11 | hubs=5 | fluxos=110 | tempo_total_s=1.510 | status=2;tempo_gurobi_s=0.875;objetivo=97.440743;hubs_escolhidos=[1, 2, 4, 7, 11]
2026-07-28 15:04:04 | evento=INICIO_MULTIPLE | instancia=data/SPdata/11.5 | nos=11 | hubs=5 | fluxos=110 | variaveis_rota_estimadas=13310;limite_tempo_s=300
2026-07-28 15:04:06 | evento=SOLUCAO_MULTIPLE | instancia=data/SPdata/11.5 | nos=11 | hubs=5 | fluxos=110 | tempo_total_s=1.143 | status=2;tempo_gurobi_s=0.730;objetivo=97.440743;hubs_escolhidos=[1, 2, 4, 7, 11]
2026-07-28 15:06:47 | evento=INICIO_MULTIPLE | instancia=data/SPdata/11.5 | nos=11 | hubs=5 | fluxos=110 | variaveis_rota_estimadas=13310;limite_tempo_s=300
2026-07-28 15:06:49 | evento=SOLUCAO_MULTIPLE | instancia=data/SPdata/11.5 | nos=11 | hubs=5 | fluxos=110 | tempo_total_s=1.422 | status=2;tempo_gurobi_s=0.866;objetivo=97.440743;hubs_escolhidos=[1, 2, 4, 7, 11]
2026-07-28 15:21:33 | evento=INICIO_MULTIPLE | instancia=data/SPdata/11.5 | nos=11 | hubs=5 | fluxos=110 | variaveis_rota_estimadas=13310;limite_tempo_s=300
2026-07-28 15:21:34 | evento=SOLUCAO_MULTIPLE | instancia=data/SPdata/11.5 | nos=11 | hubs=5 | fluxos=110 | tempo_total_s=1.348 | status=2;tempo_gurobi_s=0.471;objetivo=108.379697;hubs_escolhidos=[1, 2, 3, 5, 7]
2026-08-14 09:13:34 | evento=INICIO_MULTIPLE | instancia=data/SPdata/sp11_instancia_completa.txt | nos=11 | hubs=5 | fluxos=110 | variaveis_rota_estimadas=13310;limite_tempo_s=300
2026-08-14 09:13:36 | evento=SOLUCAO_MULTIPLE | instancia=data/SPdata/sp11_instancia_completa.txt | nos=11 | hubs=5 | fluxos=110 | tempo_total_s=1.781 | status=2;tempo_gurobi_s=0.353;objetivo=1162180.296041;hubs_escolhidos=[1, 2, 7, 8, 11]
2026-08-14 09:20:13 | evento=INICIO_MULTIPLE | instancia=data/SPdata/sp11_instancia_completa.txt | nos=11 | hubs=5 | fluxos=110 | variaveis_rota_estimadas=13310;limite_tempo_s=300
2026-08-14 09:20:13 | evento=SOLUCAO_MULTIPLE | instancia=data/SPdata/sp11_instancia_completa.txt | nos=11 | hubs=5 | fluxos=110 | tempo_total_s=0.558 | status=2;tempo_gurobi_s=0.224;objetivo=1162180.296041;hubs_escolhidos=[1, 2, 7, 8, 11]
2026-08-14 09:24:47 | evento=INICIO_MULTIPLE | instancia=data/SPdata/sp11_instancia_completa.txt | nos=10 | hubs=4 | fluxos=90 | variaveis_rota_estimadas=9000;limite_tempo_s=300
2026-08-14 09:24:47 | evento=SOLUCAO_MULTIPLE | instancia=data/SPdata/sp11_instancia_completa.txt | nos=10 | hubs=4 | fluxos=90 | tempo_total_s=0.452 | status=2;tempo_gurobi_s=0.184;objetivo=1138821.089182;hubs_escolhidos=[1, 2, 7, 8]
2026-08-14 09:25:05 | evento=INICIO_MULTIPLE | instancia=data/SPdata/sp11_instancia_completa.txt | nos=10 | hubs=3 | fluxos=90 | variaveis_rota_estimadas=9000;limite_tempo_s=300
2026-08-14 09:25:06 | evento=SOLUCAO_MULTIPLE | instancia=data/SPdata/sp11_instancia_completa.txt | nos=10 | hubs=3 | fluxos=90 | tempo_total_s=0.496 | status=2;tempo_gurobi_s=0.219;objetivo=1145675.789436;hubs_escolhidos=[1, 2, 8]
2026-08-14 09:36:10 | evento=INICIO_MULTIPLE | instancia=data/SPdata/sp11_instancia_completa.txt | nos=11 | hubs=5 | fluxos=110 | variaveis_rota_estimadas=13310;limite_tempo_s=300
2026-08-14 09:36:11 | evento=SOLUCAO_MULTIPLE | instancia=data/SPdata/sp11_instancia_completa.txt | nos=11 | hubs=5 | fluxos=110 | tempo_total_s=0.512 | status=2;tempo_gurobi_s=0.184;objetivo=1162180.296041;hubs_escolhidos=[1, 2, 7, 8, 11]
2026-08-14 09:40:15 | evento=INICIO_MULTIPLE | instancia=data/SPdata/sp11_instancia_completa.txt | nos=11 | hubs=5 | fluxos=110 | variaveis_rota_estimadas=13310;limite_tempo_s=300
2026-08-14 09:40:15 | evento=SOLUCAO_MULTIPLE | instancia=data/SPdata/sp11_instancia_completa.txt | nos=11 | hubs=5 | fluxos=110 | tempo_total_s=0.410 | status=2;tempo_gurobi_s=0.154;objetivo=1162180.296041;hubs_escolhidos=[1, 2, 7, 8, 11]
2026-08-14 09:40:48 | evento=INICIO_MULTIPLE | instancia=data/SPdata/sp11_instancia_completa.txt | nos=11 | hubs=5 | fluxos=110 | variaveis_rota_estimadas=13310;limite_tempo_s=300
2026-08-14 09:40:48 | evento=SOLUCAO_MULTIPLE | instancia=data/SPdata/sp11_instancia_completa.txt | nos=11 | hubs=5 | fluxos=110 | tempo_total_s=0.509 | status=2;tempo_gurobi_s=0.174;objetivo=1162180.296041;hubs_escolhidos=[1, 2, 7, 8, 11]
2026-08-14 09:45:22 | evento=INICIO_MULTIPLE | instancia=data/SPdata/sp11_instancia_completa.txt | nos=11 | hubs=5 | fluxos=110 | variaveis_rota_estimadas=13310;limite_tempo_s=300
2026-08-14 09:45:22 | evento=SOLUCAO_MULTIPLE | instancia=data/SPdata/sp11_instancia_completa.txt | nos=11 | hubs=5 | fluxos=110 | tempo_total_s=0.582 | status=2;tempo_gurobi_s=0.224;objetivo=1162180.296041;hubs_escolhidos=[1, 2, 7, 8, 11]
2026-08-14 09:45:25 | evento=INICIO_MULTIPLE | instancia=data/SPdata/sp11_instancia_completa.txt | nos=11 | hubs=5 | fluxos=110 | variaveis_rota_estimadas=13310;limite_tempo_s=300
2026-08-14 09:45:26 | evento=SOLUCAO_MULTIPLE | instancia=data/SPdata/sp11_instancia_completa.txt | nos=11 | hubs=5 | fluxos=110 | tempo_total_s=1.014 | status=2;tempo_gurobi_s=0.253;objetivo=1162180.296041;hubs_escolhidos=[1, 2, 7, 8, 11]
2026-08-14 09:51:59 | evento=INICIO_MULTIPLE | instancia=data/SPdata/sp11_instancia_completa.txt | nos=11 | hubs=5 | fluxos=110 | variaveis_rota_estimadas=13310;limite_tempo_s=300
2026-08-14 09:51:59 | evento=SOLUCAO_MULTIPLE | instancia=data/SPdata/sp11_instancia_completa.txt | nos=11 | hubs=5 | fluxos=110 | tempo_total_s=0.576 | status=2;tempo_gurobi_s=0.265;objetivo=1162180.296041;hubs_escolhidos=[1, 2, 7, 8, 11]
2026-08-14 09:53:55 | evento=INICIO_MULTIPLE | instancia=data/SPdata/sp11_instancia_completa.txt | nos=11 | hubs=5 | fluxos=110 | variaveis_rota_estimadas=13310;limite_tempo_s=300
2026-08-14 09:53:55 | evento=SOLUCAO_MULTIPLE | instancia=data/SPdata/sp11_instancia_completa.txt | nos=11 | hubs=5 | fluxos=110 | tempo_total_s=0.677 | status=2;tempo_gurobi_s=0.262;objetivo=1162180.296041;hubs_escolhidos=[1, 2, 7, 8, 11]
2026-08-14 09:55:21 | evento=INICIO_MULTIPLE | instancia=data/SPdata/sp11_instancia_completa.txt | nos=11 | hubs=3 | fluxos=110 | variaveis_rota_estimadas=13310;limite_tempo_s=300
2026-08-14 09:55:23 | evento=SOLUCAO_MULTIPLE | instancia=data/SPdata/sp11_instancia_completa.txt | nos=11 | hubs=3 | fluxos=110 | tempo_total_s=1.323 | status=2;tempo_gurobi_s=0.290;objetivo=1176174.690761;hubs_escolhidos=[1, 2, 8]
2026-08-14 09:59:57 | evento=INICIO_MULTIPLE | instancia=data/SPdata/sp11_instancia_completa.txt | nos=11 | hubs=5 | fluxos=110 | variaveis_rota_estimadas=13310;limite_tempo_s=300
2026-08-14 09:59:58 | evento=SOLUCAO_MULTIPLE | instancia=data/SPdata/sp11_instancia_completa.txt | nos=11 | hubs=5 | fluxos=110 | tempo_total_s=1.036 | status=2;tempo_gurobi_s=0.677;objetivo=1162180.296041;hubs_escolhidos=[1, 2, 7, 8, 11]
2026-08-14 10:01:21 | evento=INICIO_MULTIPLE | instancia=data/SPdata/sp11_instancia_completa.txt | nos=11 | hubs=5 | fluxos=110 | variaveis_rota_estimadas=13310;limite_tempo_s=300
2026-08-14 10:01:21 | evento=SOLUCAO_MULTIPLE | instancia=data/SPdata/sp11_instancia_completa.txt | nos=11 | hubs=5 | fluxos=110 | tempo_total_s=0.461 | status=2;tempo_gurobi_s=0.141;objetivo=1162180.296041;hubs_escolhidos=[1, 2, 7, 8, 11]
2026-08-14 10:06:24 | evento=INICIO_MULTIPLE | instancia=data/SPdata/sp11_instancia_completa.txt | nos=11 | hubs=5 | fluxos=110 | variaveis_rota_estimadas=13310;limite_tempo_s=300
2026-08-14 10:06:25 | evento=SOLUCAO_MULTIPLE | instancia=data/SPdata/sp11_instancia_completa.txt | nos=11 | hubs=5 | fluxos=110 | tempo_total_s=0.542 | status=2;tempo_gurobi_s=0.230;objetivo=1162180.296041;hubs_escolhidos=[1, 2, 7, 8, 11]
2026-08-18 16:50:15 | evento=INICIO_MULTIPLE | instancia=data/SPdata/sp11_instancia_completa.txt | nos=5 | hubs=2 | fluxos=20 | variaveis_rota_estimadas=500;limite_tempo_s=60
2026-08-18 16:50:16 | evento=SOLUCAO_MULTIPLE | instancia=data/SPdata/sp11_instancia_completa.txt | nos=5 | hubs=2 | fluxos=20 | tempo_total_s=0.947 | status=2;tempo_gurobi_s=0.047;objetivo=858106.274832;hubs_escolhidos=[1, 2]
2026-08-18 16:50:17 | evento=INICIO_MULTIPLE | instancia=data/SPdata/sp11_instancia_completa.txt | nos=5 | hubs=2 | fluxos=20 | variaveis_rota_estimadas=500;limite_tempo_s=60
2026-08-18 16:50:17 | evento=SOLUCAO_MULTIPLE | instancia=data/SPdata/sp11_instancia_completa.txt | nos=5 | hubs=2 | fluxos=20 | tempo_total_s=0.029 | status=2;tempo_gurobi_s=0.025;objetivo=7963.823809;hubs_escolhidos=[1, 2]
2026-08-18 17:12:26 | evento=INICIO_MULTIPLE | instancia=data/SPdata/sp11_instancia_completa.txt | nos=11 | hubs=5 | fluxos=110 | variaveis_rota_estimadas=13310;limite_tempo_s=300
2026-08-18 17:12:31 | evento=SOLUCAO_MULTIPLE | instancia=data/SPdata/sp11_instancia_completa.txt | nos=11 | hubs=5 | fluxos=110 | tempo_total_s=4.523 | status=2;tempo_gurobi_s=0.196;objetivo=1162180.296041;hubs_escolhidos=[1, 2, 7, 8, 11]
2026-08-18 17:14:20 | evento=INICIO_MULTIPLE | instancia=data/SPdata/sp11_instancia_completa.txt | nos=11 | hubs=5 | fluxos=110 | variaveis_rota_estimadas=13310;limite_tempo_s=300
2026-08-18 17:14:20 | evento=SOLUCAO_MULTIPLE | instancia=data/SPdata/sp11_instancia_completa.txt | nos=11 | hubs=5 | fluxos=110 | tempo_total_s=0.378 | status=2;tempo_gurobi_s=0.247;objetivo=10347.086930;hubs_escolhidos=[1, 2, 4, 7, 11]
2026-08-18 17:22:33 | evento=INICIO_MULTIPLE | instancia=data/SPdata/sp11_instancia_completa.txt | nos=11 | hubs=2 | fluxos=110 | variaveis_rota_estimadas=13310;limite_tempo_s=300
2026-08-18 17:22:33 | evento=SOLUCAO_MULTIPLE | instancia=data/SPdata/sp11_instancia_completa.txt | nos=11 | hubs=2 | fluxos=110 | tempo_total_s=0.178 | status=2;tempo_gurobi_s=0.079;objetivo=1061035.955014;hubs_escolhidos=[1, 2]
2026-08-18 17:22:33 | evento=INICIO_MULTIPLE | instancia=data/SPdata/sp11_instancia_completa.txt | nos=11 | hubs=3 | fluxos=110 | variaveis_rota_estimadas=13310;limite_tempo_s=300
2026-08-18 17:22:33 | evento=SOLUCAO_MULTIPLE | instancia=data/SPdata/sp11_instancia_completa.txt | nos=11 | hubs=3 | fluxos=110 | tempo_total_s=0.125 | status=2;tempo_gurobi_s=0.066;objetivo=980578.807058;hubs_escolhidos=[1, 2, 3]
2026-08-18 17:22:33 | evento=INICIO_MULTIPLE | instancia=data/SPdata/sp11_instancia_completa.txt | nos=11 | hubs=5 | fluxos=110 | variaveis_rota_estimadas=13310;limite_tempo_s=300
2026-08-18 17:22:34 | evento=SOLUCAO_MULTIPLE | instancia=data/SPdata/sp11_instancia_completa.txt | nos=11 | hubs=5 | fluxos=110 | tempo_total_s=0.136 | status=2;tempo_gurobi_s=0.070;objetivo=858909.187225;hubs_escolhidos=[1, 2, 3, 5, 8]
2026-08-18 17:22:34 | evento=INICIO_MULTIPLE | instancia=data/SPdata/sp11_instancia_completa.txt | nos=11 | hubs=2 | fluxos=110 | variaveis_rota_estimadas=13310;limite_tempo_s=300
2026-08-18 17:22:34 | evento=SOLUCAO_MULTIPLE | instancia=data/SPdata/sp11_instancia_completa.txt | nos=11 | hubs=2 | fluxos=110 | tempo_total_s=0.154 | status=2;tempo_gurobi_s=0.077;objetivo=1103226.573454;hubs_escolhidos=[1, 2]
2026-08-18 17:22:34 | evento=INICIO_MULTIPLE | instancia=data/SPdata/sp11_instancia_completa.txt | nos=11 | hubs=3 | fluxos=110 | variaveis_rota_estimadas=13310;limite_tempo_s=300
2026-08-18 17:22:34 | evento=SOLUCAO_MULTIPLE | instancia=data/SPdata/sp11_instancia_completa.txt | nos=11 | hubs=3 | fluxos=110 | tempo_total_s=0.134 | status=2;tempo_gurobi_s=0.075;objetivo=1044499.852774;hubs_escolhidos=[1, 2, 3]
2026-08-18 17:22:34 | evento=INICIO_MULTIPLE | instancia=data/SPdata/sp11_instancia_completa.txt | nos=11 | hubs=5 | fluxos=110 | variaveis_rota_estimadas=13310;limite_tempo_s=300
2026-08-18 17:22:34 | evento=SOLUCAO_MULTIPLE | instancia=data/SPdata/sp11_instancia_completa.txt | nos=11 | hubs=5 | fluxos=110 | tempo_total_s=0.181 | status=2;tempo_gurobi_s=0.063;objetivo=949262.954388;hubs_escolhidos=[1, 2, 3, 5, 8]
2026-08-18 17:22:34 | evento=INICIO_MULTIPLE | instancia=data/SPdata/sp11_instancia_completa.txt | nos=11 | hubs=2 | fluxos=110 | variaveis_rota_estimadas=13310;limite_tempo_s=300
2026-08-18 17:22:34 | evento=SOLUCAO_MULTIPLE | instancia=data/SPdata/sp11_instancia_completa.txt | nos=11 | hubs=2 | fluxos=110 | tempo_total_s=0.141 | status=2;tempo_gurobi_s=0.084;objetivo=1143802.048773;hubs_escolhidos=[1, 2]
2026-08-18 17:22:34 | evento=INICIO_MULTIPLE | instancia=data/SPdata/sp11_instancia_completa.txt | nos=11 | hubs=3 | fluxos=110 | variaveis_rota_estimadas=13310;limite_tempo_s=300
2026-08-18 17:22:34 | evento=SOLUCAO_MULTIPLE | instancia=data/SPdata/sp11_instancia_completa.txt | nos=11 | hubs=3 | fluxos=110 | tempo_total_s=0.163 | status=2;tempo_gurobi_s=0.069;objetivo=1102702.329285;hubs_escolhidos=[1, 2, 8]
2026-08-18 17:22:34 | evento=INICIO_MULTIPLE | instancia=data/SPdata/sp11_instancia_completa.txt | nos=11 | hubs=5 | fluxos=110 | variaveis_rota_estimadas=13310;limite_tempo_s=300
2026-08-18 17:22:34 | evento=SOLUCAO_MULTIPLE | instancia=data/SPdata/sp11_instancia_completa.txt | nos=11 | hubs=5 | fluxos=110 | tempo_total_s=0.126 | status=2;tempo_gurobi_s=0.066;objetivo=1036806.188700;hubs_escolhidos=[1, 2, 3, 5, 8]
2026-08-18 17:22:34 | evento=INICIO_MULTIPLE | instancia=data/SPdata/sp11_instancia_completa.txt | nos=11 | hubs=2 | fluxos=110 | variaveis_rota_estimadas=13310;limite_tempo_s=300
2026-08-18 17:22:35 | evento=SOLUCAO_MULTIPLE | instancia=data/SPdata/sp11_instancia_completa.txt | nos=11 | hubs=2 | fluxos=110 | tempo_total_s=0.169 | status=2;tempo_gurobi_s=0.085;objetivo=1143802.048773;hubs_escolhidos=[1, 2]
2026-08-18 17:22:35 | evento=INICIO_MULTIPLE | instancia=data/SPdata/sp11_instancia_completa.txt | nos=11 | hubs=3 | fluxos=110 | variaveis_rota_estimadas=13310;limite_tempo_s=300
2026-08-18 17:22:35 | evento=SOLUCAO_MULTIPLE | instancia=data/SPdata/sp11_instancia_completa.txt | nos=11 | hubs=3 | fluxos=110 | tempo_total_s=0.126 | status=2;tempo_gurobi_s=0.069;objetivo=1102702.329285;hubs_escolhidos=[1, 2, 8]
2026-08-18 17:22:35 | evento=INICIO_MULTIPLE | instancia=data/SPdata/sp11_instancia_completa.txt | nos=11 | hubs=5 | fluxos=110 | variaveis_rota_estimadas=13310;limite_tempo_s=300
2026-08-18 17:22:35 | evento=SOLUCAO_MULTIPLE | instancia=data/SPdata/sp11_instancia_completa.txt | nos=11 | hubs=5 | fluxos=110 | tempo_total_s=0.196 | status=2;tempo_gurobi_s=0.098;objetivo=1036806.188700;hubs_escolhidos=[1, 2, 3, 5, 8]
2026-08-18 17:22:35 | evento=INICIO_MULTIPLE | instancia=data/SPdata/sp11_instancia_completa.txt | nos=11 | hubs=2 | fluxos=110 | variaveis_rota_estimadas=13310;limite_tempo_s=300
2026-08-18 17:22:35 | evento=SOLUCAO_MULTIPLE | instancia=data/SPdata/sp11_instancia_completa.txt | nos=11 | hubs=2 | fluxos=110 | tempo_total_s=0.142 | status=2;tempo_gurobi_s=0.087;objetivo=1208677.651552;hubs_escolhidos=[1, 2]
2026-08-18 17:22:35 | evento=INICIO_MULTIPLE | instancia=data/SPdata/sp11_instancia_completa.txt | nos=11 | hubs=3 | fluxos=110 | variaveis_rota_estimadas=13310;limite_tempo_s=300
2026-08-18 17:22:35 | evento=SOLUCAO_MULTIPLE | instancia=data/SPdata/sp11_instancia_completa.txt | nos=11 | hubs=3 | fluxos=110 | tempo_total_s=0.136 | status=2;tempo_gurobi_s=0.059;objetivo=1176174.690761;hubs_escolhidos=[1, 2, 8]
2026-08-18 17:22:35 | evento=INICIO_MULTIPLE | instancia=data/SPdata/sp11_instancia_completa.txt | nos=11 | hubs=5 | fluxos=110 | variaveis_rota_estimadas=13310;limite_tempo_s=300
2026-08-18 17:22:35 | evento=SOLUCAO_MULTIPLE | instancia=data/SPdata/sp11_instancia_completa.txt | nos=11 | hubs=5 | fluxos=110 | tempo_total_s=0.130 | status=2;tempo_gurobi_s=0.064;objetivo=1162180.296041;hubs_escolhidos=[1, 2, 7, 8, 11]
2026-08-18 17:22:35 | evento=INICIO_MULTIPLE | instancia=data/SPdata/sp11_instancia_completa.txt | nos=11 | hubs=2 | fluxos=110 | variaveis_rota_estimadas=13310;limite_tempo_s=300
2026-08-18 17:22:36 | evento=SOLUCAO_MULTIPLE | instancia=data/SPdata/sp11_instancia_completa.txt | nos=11 | hubs=2 | fluxos=110 | tempo_total_s=0.145 | status=2;tempo_gurobi_s=0.083;objetivo=1208677.651552;hubs_escolhidos=[1, 2]
2026-08-18 17:22:36 | evento=INICIO_MULTIPLE | instancia=data/SPdata/sp11_instancia_completa.txt | nos=11 | hubs=3 | fluxos=110 | variaveis_rota_estimadas=13310;limite_tempo_s=300
2026-08-18 17:22:36 | evento=SOLUCAO_MULTIPLE | instancia=data/SPdata/sp11_instancia_completa.txt | nos=11 | hubs=3 | fluxos=110 | tempo_total_s=0.144 | status=2;tempo_gurobi_s=0.060;objetivo=1176174.690761;hubs_escolhidos=[1, 2, 8]
2026-08-18 17:22:36 | evento=INICIO_MULTIPLE | instancia=data/SPdata/sp11_instancia_completa.txt | nos=11 | hubs=5 | fluxos=110 | variaveis_rota_estimadas=13310;limite_tempo_s=300
2026-08-18 17:22:36 | evento=SOLUCAO_MULTIPLE | instancia=data/SPdata/sp11_instancia_completa.txt | nos=11 | hubs=5 | fluxos=110 | tempo_total_s=0.120 | status=2;tempo_gurobi_s=0.060;objetivo=1162180.296041;hubs_escolhidos=[1, 2, 7, 8, 11]
2026-08-18 17:22:36 | evento=INICIO_MULTIPLE | instancia=data/SPdata/sp11_instancia_completa.txt | nos=11 | hubs=2 | fluxos=110 | variaveis_rota_estimadas=13310;limite_tempo_s=300
2026-08-18 17:22:36 | evento=SOLUCAO_MULTIPLE | instancia=data/SPdata/sp11_instancia_completa.txt | nos=11 | hubs=2 | fluxos=110 | tempo_total_s=0.159 | status=2;tempo_gurobi_s=0.085;objetivo=1208677.651552;hubs_escolhidos=[1, 2]
2026-08-18 17:22:36 | evento=INICIO_MULTIPLE | instancia=data/SPdata/sp11_instancia_completa.txt | nos=11 | hubs=3 | fluxos=110 | variaveis_rota_estimadas=13310;limite_tempo_s=300
2026-08-18 17:22:36 | evento=SOLUCAO_MULTIPLE | instancia=data/SPdata/sp11_instancia_completa.txt | nos=11 | hubs=3 | fluxos=110 | tempo_total_s=0.123 | status=2;tempo_gurobi_s=0.061;objetivo=1176174.690761;hubs_escolhidos=[1, 2, 8]
2026-08-18 17:22:36 | evento=INICIO_MULTIPLE | instancia=data/SPdata/sp11_instancia_completa.txt | nos=11 | hubs=5 | fluxos=110 | variaveis_rota_estimadas=13310;limite_tempo_s=300
2026-08-18 17:22:36 | evento=SOLUCAO_MULTIPLE | instancia=data/SPdata/sp11_instancia_completa.txt | nos=11 | hubs=5 | fluxos=110 | tempo_total_s=0.167 | status=2;tempo_gurobi_s=0.058;objetivo=1162180.296041;hubs_escolhidos=[1, 2, 7, 8, 11]
2026-08-18 17:22:36 | evento=INICIO_MULTIPLE | instancia=data/SPdata/sp11_instancia_completa.txt | nos=11 | hubs=2 | fluxos=110 | variaveis_rota_estimadas=13310;limite_tempo_s=300
2026-08-18 17:22:36 | evento=SOLUCAO_MULTIPLE | instancia=data/SPdata/sp11_instancia_completa.txt | nos=11 | hubs=2 | fluxos=110 | tempo_total_s=0.140 | status=2;tempo_gurobi_s=0.087;objetivo=1208677.651552;hubs_escolhidos=[1, 2]
2026-08-18 17:22:36 | evento=INICIO_MULTIPLE | instancia=data/SPdata/sp11_instancia_completa.txt | nos=11 | hubs=3 | fluxos=110 | variaveis_rota_estimadas=13310;limite_tempo_s=300
2026-08-18 17:22:37 | evento=SOLUCAO_MULTIPLE | instancia=data/SPdata/sp11_instancia_completa.txt | nos=11 | hubs=3 | fluxos=110 | tempo_total_s=0.158 | status=2;tempo_gurobi_s=0.070;objetivo=1176174.690761;hubs_escolhidos=[1, 2, 8]
2026-08-18 17:22:37 | evento=INICIO_MULTIPLE | instancia=data/SPdata/sp11_instancia_completa.txt | nos=11 | hubs=5 | fluxos=110 | variaveis_rota_estimadas=13310;limite_tempo_s=300
2026-08-18 17:22:37 | evento=SOLUCAO_MULTIPLE | instancia=data/SPdata/sp11_instancia_completa.txt | nos=11 | hubs=5 | fluxos=110 | tempo_total_s=0.115 | status=2;tempo_gurobi_s=0.056;objetivo=1162180.296041;hubs_escolhidos=[1, 2, 7, 8, 11]
2026-08-18 17:22:37 | evento=INICIO_MULTIPLE | instancia=data/SPdata/sp11_instancia_completa.txt | nos=11 | hubs=2 | fluxos=110 | variaveis_rota_estimadas=13310;limite_tempo_s=300
2026-08-18 17:22:37 | evento=SOLUCAO_MULTIPLE | instancia=data/SPdata/sp11_instancia_completa.txt | nos=11 | hubs=2 | fluxos=110 | tempo_total_s=0.163 | status=2;tempo_gurobi_s=0.082;objetivo=1208677.651552;hubs_escolhidos=[1, 2]
2026-08-18 17:22:37 | evento=INICIO_MULTIPLE | instancia=data/SPdata/sp11_instancia_completa.txt | nos=11 | hubs=3 | fluxos=110 | variaveis_rota_estimadas=13310;limite_tempo_s=300
2026-08-18 17:22:37 | evento=SOLUCAO_MULTIPLE | instancia=data/SPdata/sp11_instancia_completa.txt | nos=11 | hubs=3 | fluxos=110 | tempo_total_s=0.114 | status=2;tempo_gurobi_s=0.056;objetivo=1176174.690761;hubs_escolhidos=[1, 2, 8]
2026-08-18 17:22:37 | evento=INICIO_MULTIPLE | instancia=data/SPdata/sp11_instancia_completa.txt | nos=11 | hubs=5 | fluxos=110 | variaveis_rota_estimadas=13310;limite_tempo_s=300
2026-08-18 17:22:37 | evento=SOLUCAO_MULTIPLE | instancia=data/SPdata/sp11_instancia_completa.txt | nos=11 | hubs=5 | fluxos=110 | tempo_total_s=0.135 | status=2;tempo_gurobi_s=0.053;objetivo=1162180.296041;hubs_escolhidos=[1, 2, 7, 8, 11]
2026-08-18 17:41:54 | evento=INICIO_MULTIPLE | instancia=data/SPdata/sp11_instancia_completa.txt | nos=11 | hubs=5 | fluxos=110 | variaveis_rota_estimadas=13310;limite_tempo_s=300
2026-08-18 17:41:54 | evento=SOLUCAO_MULTIPLE | instancia=data/SPdata/sp11_instancia_completa.txt | nos=11 | hubs=5 | fluxos=110 | tempo_total_s=0.192 | status=2;tempo_gurobi_s=0.078;objetivo=1162180.296041;hubs_escolhidos=[1, 2, 7, 8, 11]
2026-08-18 21:05:49 | evento=INICIO_MULTIPLE | instancia=data/SPdata/sp11_instancia_completa.txt | nos=11 | hubs=5 | fluxos=110 | variaveis_rota_estimadas=13310;limite_tempo_s=300
2026-08-18 21:05:49 | evento=SOLUCAO_MULTIPLE | instancia=data/SPdata/sp11_instancia_completa.txt | nos=11 | hubs=5 | fluxos=110 | tempo_total_s=0.229 | status=2;tempo_gurobi_s=0.094;objetivo=1162180.296041;hubs_escolhidos=[1, 2, 7, 8, 11]
2026-08-18 21:05:54 | evento=INICIO_MULTIPLE | instancia=data/SPdata/sp11_instancia_completa.txt | nos=11 | hubs=5 | fluxos=110 | variaveis_rota_estimadas=13310;limite_tempo_s=300
2026-08-18 21:05:55 | evento=SOLUCAO_MULTIPLE | instancia=data/SPdata/sp11_instancia_completa.txt | nos=11 | hubs=5 | fluxos=110 | tempo_total_s=0.209 | status=2;tempo_gurobi_s=0.091;objetivo=11528.720408;hubs_escolhidos=[1, 2, 3, 5, 7]
2026-08-18 21:06:02 | evento=INICIO_MULTIPLE | instancia=data/SPdata/sp11_instancia_completa.txt | nos=11 | hubs=5 | fluxos=110 | variaveis_rota_estimadas=13310;limite_tempo_s=300
2026-08-18 21:06:02 | evento=SOLUCAO_MULTIPLE | instancia=data/SPdata/sp11_instancia_completa.txt | nos=11 | hubs=5 | fluxos=110 | tempo_total_s=0.195 | status=2;tempo_gurobi_s=0.084;objetivo=1162180.296041;hubs_escolhidos=[1, 2, 7, 8, 11]
2026-08-18 21:54:48 | evento=INICIO_MULTIPLE | instancia=data/SPdata/sp11_instancia_completa.txt | nos=11 | hubs=5 | fluxos=110 | variaveis_rota_estimadas=13310;limite_tempo_s=300
2026-08-18 21:54:49 | evento=SOLUCAO_MULTIPLE | instancia=data/SPdata/sp11_instancia_completa.txt | nos=11 | hubs=5 | fluxos=110 | tempo_total_s=0.493 | status=2;tempo_gurobi_s=0.335;objetivo=538475.689776;hubs_escolhidos=[1, 2, 6, 7, 8]
2026-08-18 22:21:33 | evento=INICIO_MULTIPLE | instancia=data/SPdata/sp11_instancia_completa.txt | nos=11 | hubs=5 | fluxos=110 | variaveis_rota_estimadas=13310;limite_tempo_s=300
2026-08-18 22:21:33 | evento=SOLUCAO_MULTIPLE | instancia=data/SPdata/sp11_instancia_completa.txt | nos=11 | hubs=5 | fluxos=110 | tempo_total_s=0.232 | status=2;tempo_gurobi_s=0.114;objetivo=460036.317996;hubs_escolhidos=[1, 2, 3, 5, 7]
2026-08-18 22:21:54 | evento=INICIO_MULTIPLE | instancia=data/SPdata/sp11_instancia_completa.txt | nos=11 | hubs=5 | fluxos=110 | variaveis_rota_estimadas=13310;limite_tempo_s=300
2026-08-18 22:21:54 | evento=SOLUCAO_MULTIPLE | instancia=data/SPdata/sp11_instancia_completa.txt | nos=11 | hubs=5 | fluxos=110 | tempo_total_s=0.214 | status=2;tempo_gurobi_s=0.101;objetivo=11528.720408;hubs_escolhidos=[1, 2, 3, 5, 7]
2026-08-18 22:22:12 | evento=INICIO_MULTIPLE | instancia=data/SPdata/sp11_instancia_completa.txt | nos=11 | hubs=5 | fluxos=110 | variaveis_rota_estimadas=13310;limite_tempo_s=300
2026-08-18 22:22:12 | evento=SOLUCAO_MULTIPLE | instancia=data/SPdata/sp11_instancia_completa.txt | nos=11 | hubs=5 | fluxos=110 | tempo_total_s=0.252 | status=2;tempo_gurobi_s=0.115;objetivo=460036.317996;hubs_escolhidos=[1, 2, 3, 5, 7]
2026-08-18 22:28:00 | evento=INICIO_MULTIPLE | instancia=data/SPdata/sp11_instancia_completa.txt | nos=11 | hubs=5 | fluxos=110 | variaveis_rota_estimadas=13310;limite_tempo_s=300
2026-08-18 22:28:00 | evento=SOLUCAO_MULTIPLE | instancia=data/SPdata/sp11_instancia_completa.txt | nos=11 | hubs=5 | fluxos=110 | tempo_total_s=0.291 | status=2;tempo_gurobi_s=0.123;objetivo=11528.720408;hubs_escolhidos=[1, 2, 3, 5, 7]
2026-08-18 22:28:20 | evento=INICIO_MULTIPLE | instancia=data/SPdata/sp11_instancia_completa.txt | nos=11 | hubs=5 | fluxos=110 | variaveis_rota_estimadas=13310;limite_tempo_s=300
2026-08-18 22:28:20 | evento=SOLUCAO_MULTIPLE | instancia=data/SPdata/sp11_instancia_completa.txt | nos=11 | hubs=5 | fluxos=110 | tempo_total_s=0.293 | status=2;tempo_gurobi_s=0.138;objetivo=460036.317996;hubs_escolhidos=[1, 2, 3, 5, 7]
2026-08-18 22:31:22 | evento=INICIO_MULTIPLE | instancia=data/SPdata/sp11_instancia_completa.txt | nos=11 | hubs=5 | fluxos=110 | variaveis_rota_estimadas=13310;limite_tempo_s=300
2026-08-18 22:31:23 | evento=SOLUCAO_MULTIPLE | instancia=data/SPdata/sp11_instancia_completa.txt | nos=11 | hubs=5 | fluxos=110 | tempo_total_s=0.347 | status=2;tempo_gurobi_s=0.147;objetivo=460036.317996;hubs_escolhidos=[1, 2, 3, 5, 7]
2026-08-18 22:32:19 | evento=INICIO_MULTIPLE | instancia=data/SPdata/sp11_instancia_completa.txt | nos=11 | hubs=5 | fluxos=110 | variaveis_rota_estimadas=13310;limite_tempo_s=300
2026-08-18 22:32:19 | evento=SOLUCAO_MULTIPLE | instancia=data/SPdata/sp11_instancia_completa.txt | nos=11 | hubs=5 | fluxos=110 | tempo_total_s=0.324 | status=2;tempo_gurobi_s=0.142;objetivo=11528.720408;hubs_escolhidos=[1, 2, 3, 5, 7]
2026-08-18 22:34:21 | evento=INICIO_MULTIPLE | instancia=data/SPdata/sp11_instancia_completa.txt | nos=11 | hubs=5 | fluxos=110 | variaveis_rota_estimadas=13310;limite_tempo_s=300
2026-08-18 22:34:21 | evento=SOLUCAO_MULTIPLE | instancia=data/SPdata/sp11_instancia_completa.txt | nos=11 | hubs=5 | fluxos=110 | tempo_total_s=0.325 | status=2;tempo_gurobi_s=0.140;objetivo=460036.317996;hubs_escolhidos=[1, 2, 3, 5, 7]
2026-08-18 22:34:35 | evento=INICIO_MULTIPLE | instancia=data/SPdata/sp11_instancia_completa.txt | nos=11 | hubs=5 | fluxos=110 | variaveis_rota_estimadas=13310;limite_tempo_s=300
2026-08-18 22:34:36 | evento=SOLUCAO_MULTIPLE | instancia=data/SPdata/sp11_instancia_completa.txt | nos=11 | hubs=5 | fluxos=110 | tempo_total_s=0.367 | status=2;tempo_gurobi_s=0.143;objetivo=460036.317996;hubs_escolhidos=[1, 2, 3, 5, 7]
2026-08-19 11:55:38 | evento=INICIO_MULTIPLE | instancia=data/SPdata/sp11_instancia_completa.txt | nos=11 | hubs=5 | fluxos=110 | variaveis_rota_estimadas=13310;limite_tempo_s=300
2026-08-19 11:55:39 | evento=SOLUCAO_MULTIPLE | instancia=data/SPdata/sp11_instancia_completa.txt | nos=11 | hubs=5 | fluxos=110 | tempo_total_s=0.151 | status=2;tempo_gurobi_s=0.069;objetivo=460036.317996;hubs_escolhidos=[1, 2, 3, 5, 7]
2026-08-19 11:57:37 | evento=INICIO_MULTIPLE | instancia=data/SPdata/sp11_instancia_completa.txt | nos=11 | hubs=5 | fluxos=110 | variaveis_rota_estimadas=13310;limite_tempo_s=300
2026-08-19 11:57:38 | evento=SOLUCAO_MULTIPLE | instancia=data/SPdata/sp11_instancia_completa.txt | nos=11 | hubs=5 | fluxos=110 | tempo_total_s=0.327 | status=2;tempo_gurobi_s=0.260;objetivo=538475.689776;hubs_escolhidos=[1, 2, 6, 7, 8]
2026-08-19 14:41:42 | evento=INICIO_MULTIPLE | instancia=data/SPdata/sp11_instancia_completa.txt | nos=11 | hubs=5 | fluxos=110 | variaveis_rota_estimadas=13310;limite_tempo_s=300
2026-08-19 14:41:42 | evento=SOLUCAO_MULTIPLE | instancia=data/SPdata/sp11_instancia_completa.txt | nos=11 | hubs=5 | fluxos=110 | tempo_total_s=0.146 | status=2;tempo_gurobi_s=0.067;objetivo=11528720.408193;hubs_escolhidos=[1, 2, 3, 5, 7]
2026-08-19 14:45:31 | evento=INICIO_MULTIPLE | instancia=data/SPdata/sp11_instancia_completa.txt | nos=11 | hubs=5 | fluxos=110 | variaveis_rota_estimadas=13310;limite_tempo_s=300
2026-08-19 14:45:31 | evento=SOLUCAO_MULTIPLE | instancia=data/SPdata/sp11_instancia_completa.txt | nos=11 | hubs=5 | fluxos=110 | tempo_total_s=0.143 | status=2;tempo_gurobi_s=0.060;objetivo=460036.317996;hubs_escolhidos=[1, 2, 3, 5, 7]
2026-08-19 14:56:49 | evento=INICIO_MULTIPLE | instancia=data/SPdata/sp11_instancia_completa.txt | nos=11 | hubs=5 | fluxos=110 | variaveis_rota_estimadas=13310;limite_tempo_s=300
2026-08-19 14:56:49 | evento=SOLUCAO_MULTIPLE | instancia=data/SPdata/sp11_instancia_completa.txt | nos=11 | hubs=5 | fluxos=110 | tempo_total_s=0.145 | status=2;tempo_gurobi_s=0.061;objetivo=11528720.408193;hubs_escolhidos=[1, 2, 3, 5, 7]
2026-08-19 14:56:55 | evento=INICIO_MULTIPLE | instancia=data/SPdata/sp11_instancia_completa.txt | nos=11 | hubs=5 | fluxos=110 | variaveis_rota_estimadas=13310;limite_tempo_s=300
2026-08-19 14:56:55 | evento=SOLUCAO_MULTIPLE | instancia=data/SPdata/sp11_instancia_completa.txt | nos=11 | hubs=5 | fluxos=110 | tempo_total_s=0.143 | status=2;tempo_gurobi_s=0.058;objetivo=460036.317996;hubs_escolhidos=[1, 2, 3, 5, 7]
2026-08-19 14:58:26 | evento=INICIO_MULTIPLE | instancia=data/SPdata/sp11_instancia_completa.txt | nos=11 | hubs=3 | fluxos=110 | variaveis_rota_estimadas=13310;limite_tempo_s=300
2026-08-19 14:58:26 | evento=SOLUCAO_MULTIPLE | instancia=data/SPdata/sp11_instancia_completa.txt | nos=11 | hubs=3 | fluxos=110 | tempo_total_s=0.152 | status=2;tempo_gurobi_s=0.060;objetivo=506259.205204;hubs_escolhidos=[1, 2, 7]
2026-08-19 14:58:42 | evento=INICIO_MULTIPLE | instancia=data/SPdata/sp11_instancia_completa.txt | nos=11 | hubs=3 | fluxos=110 | variaveis_rota_estimadas=13310;limite_tempo_s=300
2026-08-19 14:58:42 | evento=SOLUCAO_MULTIPLE | instancia=data/SPdata/sp11_instancia_completa.txt | nos=11 | hubs=3 | fluxos=110 | tempo_total_s=0.142 | status=2;tempo_gurobi_s=0.058;objetivo=12847767.563049;hubs_escolhidos=[1, 2, 7]
2026-08-19 14:58:56 | evento=INICIO_MULTIPLE | instancia=data/SPdata/sp11_instancia_completa.txt | nos=11 | hubs=3 | fluxos=110 | variaveis_rota_estimadas=13310;limite_tempo_s=300
2026-08-19 14:58:57 | evento=SOLUCAO_MULTIPLE | instancia=data/SPdata/sp11_instancia_completa.txt | nos=11 | hubs=3 | fluxos=110 | tempo_total_s=0.149 | status=2;tempo_gurobi_s=0.062;objetivo=506259.205204;hubs_escolhidos=[1, 2, 7]
2026-08-19 15:00:10 | evento=INICIO_MULTIPLE | instancia=data/SPdata/sp11_instancia_completa.txt | nos=11 | hubs=3 | fluxos=110 | variaveis_rota_estimadas=13310;limite_tempo_s=300
2026-08-19 15:00:11 | evento=SOLUCAO_MULTIPLE | instancia=data/SPdata/sp11_instancia_completa.txt | nos=11 | hubs=3 | fluxos=110 | tempo_total_s=0.145 | status=2;tempo_gurobi_s=0.055;objetivo=12847767.563049;hubs_escolhidos=[1, 2, 7]
2026-08-20 14:07:32 | evento=INICIO_MULTIPLE | instancia=data/SPdata/sp11_instancia_com_c_hub.txt | nos=11 | hubs=5 | fluxos=110 | variaveis_rota_estimadas=13310;limite_tempo_s=300
2026-08-20 14:07:32 | evento=SOLUCAO_MULTIPLE | instancia=data/SPdata/sp11_instancia_com_c_hub.txt | nos=11 | hubs=5 | fluxos=110 | tempo_total_s=0.184 | status=2;tempo_gurobi_s=0.076;objetivo=158857.594119;hubs_escolhidos=[1, 2, 4, 7, 11]
2026-08-20 14:30:50 | evento=INICIO_MULTIPLE | instancia=data/SPdata/sp11_instancia_com_c_hub.txt | nos=11 | hubs=5 | fluxos=110 | variaveis_rota_estimadas=13310;limite_tempo_s=300
2026-08-20 14:30:51 | evento=SOLUCAO_MULTIPLE | instancia=data/SPdata/sp11_instancia_com_c_hub.txt | nos=11 | hubs=5 | fluxos=110 | tempo_total_s=0.151 | status=2;tempo_gurobi_s=0.071;objetivo=99492.229874;hubs_escolhidos=[1, 2, 3, 5, 8]
2026-08-20 14:36:57 | evento=INICIO_MULTIPLE | instancia=data/SPdata/sp11_instancia_com_c_hub.txt | nos=11 | hubs=5 | fluxos=110 | variaveis_rota_estimadas=13310;limite_tempo_s=300
2026-08-20 14:36:57 | evento=SOLUCAO_MULTIPLE | instancia=data/SPdata/sp11_instancia_com_c_hub.txt | nos=11 | hubs=5 | fluxos=110 | tempo_total_s=0.154 | status=2;tempo_gurobi_s=0.070;objetivo=99492.229874;hubs_escolhidos=[1, 2, 3, 5, 8]
2026-08-20 14:37:37 | evento=INICIO_MULTIPLE | instancia=data/SPdata/sp11_instancia_com_c_hub.txt | nos=11 | hubs=5 | fluxos=110 | variaveis_rota_estimadas=13310;limite_tempo_s=300
2026-08-20 14:37:37 | evento=SOLUCAO_MULTIPLE | instancia=data/SPdata/sp11_instancia_com_c_hub.txt | nos=11 | hubs=5 | fluxos=110 | tempo_total_s=0.148 | status=2;tempo_gurobi_s=0.063;objetivo=11528720.408193;hubs_escolhidos=[1, 2, 3, 5, 7]
2026-08-20 14:37:56 | evento=INICIO_MULTIPLE | instancia=data/SPdata/sp11_instancia_com_c_hub.txt | nos=11 | hubs=5 | fluxos=110 | variaveis_rota_estimadas=13310;limite_tempo_s=300
2026-08-20 14:37:56 | evento=SOLUCAO_MULTIPLE | instancia=data/SPdata/sp11_instancia_com_c_hub.txt | nos=11 | hubs=5 | fluxos=110 | tempo_total_s=0.145 | status=2;tempo_gurobi_s=0.056;objetivo=99492.229874;hubs_escolhidos=[1, 2, 3, 5, 8]
2026-08-20 14:51:34 | evento=INICIO_MULTIPLE | instancia=data/SPdata/sp11_instancia_com_c_hub.txt | nos=11 | hubs=5 | fluxos=110 | variaveis_rota_estimadas=13310;limite_tempo_s=300
2026-08-20 14:51:34 | evento=SOLUCAO_MULTIPLE | instancia=data/SPdata/sp11_instancia_com_c_hub.txt | nos=11 | hubs=5 | fluxos=110 | tempo_total_s=0.154 | status=2;tempo_gurobi_s=0.075;objetivo=99492.229874;hubs_escolhidos=[1, 2, 3, 5, 8]
2026-08-20 14:51:41 | evento=INICIO_MULTIPLE | instancia=data/SPdata/sp11_instancia_com_c_hub.txt | nos=11 | hubs=5 | fluxos=110 | variaveis_rota_estimadas=13310;limite_tempo_s=300
2026-08-20 14:51:41 | evento=SOLUCAO_MULTIPLE | instancia=data/SPdata/sp11_instancia_com_c_hub.txt | nos=11 | hubs=5 | fluxos=110 | tempo_total_s=0.143 | status=2;tempo_gurobi_s=0.058;objetivo=72857.988914;hubs_escolhidos=[1, 2, 3, 5, 8]
2026-08-20 14:51:52 | evento=INICIO_MULTIPLE | instancia=data/SPdata/sp11_instancia_com_c_hub.txt | nos=11 | hubs=5 | fluxos=110 | variaveis_rota_estimadas=13310;limite_tempo_s=300
2026-08-20 14:51:52 | evento=SOLUCAO_MULTIPLE | instancia=data/SPdata/sp11_instancia_com_c_hub.txt | nos=11 | hubs=5 | fluxos=110 | tempo_total_s=0.146 | status=2;tempo_gurobi_s=0.058;objetivo=99492.229874;hubs_escolhidos=[1, 2, 3, 5, 8]
2026-08-20 14:52:09 | evento=INICIO_MULTIPLE | instancia=data/SPdata/sp11_instancia_com_c_hub.txt | nos=11 | hubs=5 | fluxos=110 | variaveis_rota_estimadas=13310;limite_tempo_s=300
2026-08-20 14:52:10 | evento=SOLUCAO_MULTIPLE | instancia=data/SPdata/sp11_instancia_com_c_hub.txt | nos=11 | hubs=5 | fluxos=110 | tempo_total_s=0.150 | status=2;tempo_gurobi_s=0.063;objetivo=72857.988914;hubs_escolhidos=[1, 2, 3, 5, 8]
